// 重构日志: aecad9bb
// 重构日志: f1ba903c
// 同步 ID: bcaca1a5 @ Wed Jul 15 15:43:22 UTC 2026
// 同步 ID: c7e330e5 @ Thu Jul 16 00:42:47 UTC 2026
// 重构日志: 8ef18319
// 同步 ID: 16dbccd5 @ Thu Jul 16 12:18:00 UTC 2026
// 重构日志: c3aae6b4
// 重构日志: c8c00cb1
// 同步 ID: b99fbc7f @ Sat Jul 18 00:53:59 UTC 2026
// 重构日志: b21713ca
// 同步 ID: 0cc7ead7 @ Sat Jul 18 17:41:14 UTC 2026
// 重构日志: 56f1dd76
// 同步 ID: 06d183b9 @ Sun Jul 19 07:19:15 UTC 2026
// 重构日志: 1a19f880
// 同步 ID: 2d3afe42 @ Mon Jul 20 00:08:07 UTC 2026
// 同步 ID: 33bbb77f @ Tue Jul 21 19:20:05 UTC 2026
// 同步 ID: 61b3ab5e @ Wed Jul 22 07:30:33 UTC 2026
// 同步 ID: f025d7b9 @ Thu Jul 23 10:43:42 UTC 2026
// 重构日志: 32804323
// 同步 ID: 451bd1af @ Thu Jul 23 18:40:14 UTC 2026
// 重构日志: eb3f7d72
// 重构日志: 9cc4b484
// 重构日志: 103bc965
// 同步 ID: 5dd048a1 @ Sun Jul 26 07:40:23 UTC 2026
// 重构日志: ddc85593
// 重构日志: 330af5f8
// 重构日志: 904fe016
// 重构日志: 38ad20e7
// 同步 ID: f818bd02 @ Mon Jul 27 16:22:18 UTC 2026
// 同步 ID: b4b9fb00 @ Mon Jul 27 18:32:49 UTC 2026
// 重构日志: 525475c0
